{
    "sarscov2 - fastq - paired_end": {
        "content": [
            {
                "0": [
                    [
                        {
                            "id": "all_samples"
                        },
                        "all_samples.txt:md5,2c2ffc39c4ebce44087708c4d747ce9a"
                    ]
                ],
                "1": [
                    "versions.yml:md5,3bf1eb83a4a5f52f23d10b4cc4ed2f31",
                    "versions.yml:md5,7a8a0a934b8782f4bcb0b2de929e30e2",
                    "versions.yml:md5,8e49db279e527195934a54b1254e7e81"
                ],
                "merged_taxa": [
                    [
                        {
                            "id": "all_samples"
                        },
                        "all_samples.txt:md5,2c2ffc39c4ebce44087708c4d747ce9a"
                    ]
                ],
                "versions": [
                    "versions.yml:md5,3bf1eb83a4a5f52f23d10b4cc4ed2f31",
                    "versions.yml:md5,7a8a0a934b8782f4bcb0b2de929e30e2",
                    "versions.yml:md5,8e49db279e527195934a54b1254e7e81"
                ]
            }
        ],
        "meta": {
            "nf-test": "0.8.4",
            "nextflow": "23.04.1"
        },
        "timestamp": "2024-08-13T13:07:51.103003"
    }
}