{
    "sarscov2 - illumina pair end [fastq] - stub": {
        "content": [
            {
                "0": [
                    [
                        {
                            "id": "test",
                            "single_end": false
                        },
                        "test_profile.txt:md5,d41d8cd98f00b204e9800998ecf8427e"
                    ]
                ],
                "1": [
                    [
                        {
                            "id": "test",
                            "single_end": false
                        },
                        "test.biom:md5,d41d8cd98f00b204e9800998ecf8427e"
                    ]
                ],
                "2": [
                    
                ],
                "3": [
                    "versions.yml:md5,db17780c9fc65bc70e9641101c47d0e0"
                ],
                "biom": [
                    [
                        {
                            "id": "test",
                            "single_end": false
                        },
                        "test.biom:md5,d41d8cd98f00b204e9800998ecf8427e"
                    ]
                ],
                "bt2out": [
                    
                ],
                "profile": [
                    [
                        {
                            "id": "test",
                            "single_end": false
                        },
                        "test_profile.txt:md5,d41d8cd98f00b204e9800998ecf8427e"
                    ]
                ],
                "versions": [
                    "versions.yml:md5,db17780c9fc65bc70e9641101c47d0e0"
                ]
            }
        ],
        "meta": {
            "nf-test": "0.8.4",
            "nextflow": "23.04.1"
        },
        "timestamp": "2024-08-13T12:51:42.549393"
    },
    "sarscov2 - illumina single end [fastq]": {
        "content": [
            [
                [
                    {
                        "id": "test",
                        "single_end": true
                    },
                    "test_profile.txt:md5,9c7a27c1741b58e33a0dafd234f8eca3"
                ]
            ],
            true,
            [
                [
                    {
                        "id": "test",
                        "single_end": true
                    },
                    "test.bowtie2out.txt:md5,ef46a9c6a8ce9cae26fbfd5527116fd5"
                ]
            ],
            [
                "versions.yml:md5,db17780c9fc65bc70e9641101c47d0e0"
            ]
        ],
        "meta": {
            "nf-test": "0.9.0",
            "nextflow": "24.04.4"
        },
        "timestamp": "2024-08-15T07:28:17.717488689"
    },
    "sarscov2 - illumina single end [fasta]": {
        "content": [
            [
                [
                    {
                        "id": "test",
                        "single_end": true
                    },
                    "test_profile.txt:md5,bd4218c8bdfbd0a2b7a2e4f81c99d34b"
                ]
            ],
            true,
            [
                [
                    {
                        "id": "test",
                        "single_end": true
                    },
                    "test.bowtie2out.txt:md5,d99d05d6b011c647adf816f10fc6acbe"
                ]
            ],
            [
                "versions.yml:md5,db17780c9fc65bc70e9641101c47d0e0"
            ]
        ],
        "meta": {
            "nf-test": "0.9.0",
            "nextflow": "24.04.4"
        },
        "timestamp": "2024-08-15T07:29:01.917757889"
    },
    "sarscov2 - illumina pair end [fastq]": {
        "content": [
            [
                [
                    {
                        "id": "test",
                        "single_end": false
                    },
                    "test_profile.txt:md5,f89e39b7c749fc406b1e46ab208b221d"
                ]
            ],
            true,
            [
                [
                    {
                        "id": "test",
                        "single_end": false
                    },
                    "test.bowtie2out.txt:md5,8c1bc21e1d8484b5551bf46331d61bd8"
                ]
            ],
            [
                "versions.yml:md5,db17780c9fc65bc70e9641101c47d0e0"
            ]
        ],
        "meta": {
            "nf-test": "0.9.0",
            "nextflow": "24.04.4"
        },
        "timestamp": "2024-08-15T07:28:39.148191243"
    }
}