{
    "sarscov2 - illumina single end [fastq] - stub": {
        "content": [
            {
                "0": [
                    
                ],
                "1": [
                    
                ],
                "txt": [
                    
                ],
                "versions": [
                    
                ]
            }
        ],
        "meta": {
            "nf-test": "0.8.4",
            "nextflow": "23.04.1"
        },
        "timestamp": "2024-08-13T14:09:23.436275"
    }
}